Prisma schema loaded from prisma\schema.prisma
node.exe : 
At C:\Program Files\no
dejs\npx.ps1:29 char:3
+   & $NODE_EXE 
$NPX_CLI_JS $args
+   ~~~~~~~~~~~~~~~~~~
~~~~~~~~~~~
    + CategoryInfo    
          : NotSpeci  
  fied: (:String) [   
 ], RemoteExceptio    
n
    + FullyQualifiedE 
   rrorId : NativeCo  
  mmandError
 
Error: Prisma schema 
validation - 
(validate wasm)
Error code: P1012
[1;91merror[0m: 
[1mThe datasource 
property `url` is no 
longer supported in 
schema files. Move 
connection URLs for 
Migrate to 
`prisma.config.ts` 
and pass either 
`adapter` for a 
direct database 
connection or 
`accelerateUrl` for 
Accelerate to the 
`PrismaClient` 
constructor. See https
://pris.ly/d/config-da
tasource and https://p
ris.ly/d/prisma7-clien
t-config[0m
  [1;94m-->[0m  [4m
prisma\schema.prisma:7
[0m
[1;94m   | [0m
[1;94m 6 | [0m  
provider = "sqlite"
[1;94m 7 | [0m  
[1;91murl      = 
"file:./dev.db"[0m
[1;94m   | [0m

Validation Error 
Count: 1
[Context: validate]

Prisma CLI Version : 
7.1.0
